// Jest Snapshot v1, https://goo.gl/fbAQLP

exports[`<AppMapMarker /> renders correctly 1`] = `
<AIRMapMarker
  coordinate={
    Object {
      "latitude": 0,
      "longitude": 0,
    }
  }
  onPress={[Function]}
  stopPropagation={false}
  style={
    Array [
      Object {
        "backgroundColor": "transparent",
        "position": "absolute",
      },
      undefined,
    ]
  }
/>
`;
