// Jest Snapshot v1, https://goo.gl/fbAQLP

exports[`<AppRadioButtonStandardOption /> renders correctly 1`] = `
<ForwardRef
  style={
    Array [
      Object {
        "padding": 7,
        "width": "50%",
      },
    ]
  }
>
  <ForwardRef
    onLongPress={[Function]}
    onPress={[Function]}
    style={
      Array [
        Object {
          "backgroundColor": "#FFFFFF",
          "borderRadius": 14,
          "elevation": 20,
          "flex": 1,
          "shadowColor": "#000",
          "shadowOffset": Object {
            "height": 15,
            "width": 0,
          },
          "shadowOpacity": 0.16,
          "shadowRadius": 30,
        },
        Object {},
      ]
    }
  >
    <View
      style={
        Object {
          "alignItems": "center",
          "flex": 1,
          "flexDirection": "row",
          "flexShrink": 1,
          "paddingLeft": 10,
          "paddingRight": 10,
          "paddingVertical": 20,
        }
      }
    >
      <Text
        style={
          Array [
            Object {
              "color": "#4749A0",
              "flexShrink": 1,
              "fontFamily": "ObjektivMk1-Bold",
              "fontSize": 18,
              "lineHeight": 19.8,
              "paddingTop": 4.5,
            },
            Object {},
          ]
        }
      >
        test label
      </Text>
    </View>
  </ForwardRef>
</ForwardRef>
`;
